src/App.tsx(1,44): error TS6133: 'useMemo' is declared but its value is never read.
src/App.tsx(93,9): error TS6133: 'handleStrokesChange' is declared but its value is never read.
src/App.tsx(116,9): error TS6133: 'handleStrokesChange' is declared but its value is never read.
src/App.tsx(136,11): error TS6133: 'setStrokes' is declared but its value is never read.
src/App.tsx(155,11): error TS6133: 'setStrokes' is declared but its value is never read.
src/App.tsx(183,5): error TS6133: 'getStrokes' is declared but its value is never read.
src/components/Handwriting/CanvasOverlay.tsx(6,3): error TS6133: 'pageId' is declared but its value is never read.
src/components/Handwriting/CanvasOverlay.tsx(145,9): error TS6133: 'clearCanvas' is declared but its value is never read.
src/components/Handwriting/HandwritingToolbar.tsx(16,3): error TS6133: 'onColorChange' is declared but its value is never read.
src/components/Handwriting/HandwritingToolbar.tsx(17,3): error TS6133: 'onWidthChange' is declared but its value is never read.
src/hooks/useNavigation.ts(16,25): error TS6133: 'getStrokes' is declared but its value is never read.
